<?xml version="1.0" encoding="UTF-8" standalone="no" ?>
<testsuites>
  <testsuite errors="0" failures="0" name="BaseClassWithMethodsToBeOverridden" skipped="0" tests="1" time="0.035816">
    <testcase classname="BaseClassWithMethodsToBeOverridden" name="test1" time="0.035816"/>
  </testsuite>
  <testsuite errors="0" failures="0" name="BaseTestCase" skipped="0" tests="2" time="0.12625">
    <testcase classname="BaseTestCase" name="baseTest" time="0.082002"/>
    <testcase classname="BaseTestCase" name="baseTest2" time="0.044245"/>
  </testsuite>
  <testsuite errors="0" failures="0" name="ClassTestWithNotATestMethod" skipped="0" tests="1" time="0.0002424">
    <testcase classname="ClassTestWithNotATestMethod" name="test1" time="0.0002424"/>
  </testsuite>
  <testsuite errors="0" failures="0" name="ClassWithNonAlphaNumericTestTags" skipped="0" tests="12" time="0.0025869">
    <testcase classname="ClassWithNonAlphaNumericTestTags" name="test12" time="0.0001997"/>
    <testcase classname="ClassWithNonAlphaNumericTestTags" name="test11" time="0.0001932"/>
    <testcase classname="ClassWithNonAlphaNumericTestTags" name="test10" time="0.000197"/>
    <testcase classname="ClassWithNonAlphaNumericTestTags" name="test9" time="0.0001856"/>
    <testcase classname="ClassWithNonAlphaNumericTestTags" name="test8" time="0.0002457"/>
    <testcase classname="ClassWithNonAlphaNumericTestTags" name="test7" time="0.0002747"/>
    <testcase classname="ClassWithNonAlphaNumericTestTags" name="test6" time="0.0001864"/>
    <testcase classname="ClassWithNonAlphaNumericTestTags" name="test5" time="0.0002116"/>
    <testcase classname="ClassWithNonAlphaNumericTestTags" name="test4" time="0.0002047"/>
    <testcase classname="ClassWithNonAlphaNumericTestTags" name="test3" time="0.0002432"/>
    <testcase classname="ClassWithNonAlphaNumericTestTags" name="test2" time="0.0001826"/>
    <testcase classname="ClassWithNonAlphaNumericTestTags" name="test1" time="0.0002625"/>
  </testsuite>
</testsuites>
